// Jest Snapshot v1, https://goo.gl/fbAQLP

exports[`DateInput should render 1`] = `ShallowWrapper {}`;
